Microchip MPLAB XC8 Compiler V1.10 ()

Linker command line:

--edf=C:\Program Files (x86)\Microchip\xc8\v1.10\dat\en_msgs.txt -cs \
  -h+dist/default/production\code.production.sym -z -Q16LF1827 -ol.obj \
  -Mdist/default/production/code.production.map -E1 -ver=XC8 \
  -ACONST=00h-0FFhx16 -ACODE=00h-07FFhx2 -ASTRCODE=00h-0FFFh \
  -AENTRY=00h-0FFhx16 -ASTRING=00h-0FFhx16 -ACOMMON=070h-07Fh \
  -ABANK0=020h-06Fh -ABANK1=0A0h-0EFh -ABANK2=0120h-016Fh \
  -ABANK3=01A0h-01EFh -ABANK4=0220h-024Fh -ABIGRAM=02000h-0216Fh \
  -ARAM=020h-06Fh,0A0h-0EFh,0120h-016Fh,01A0h-01EFh,0220h-024Fh \
  -AABS1=020h-07Fh,0A0h-0EFh,0120h-016Fh,01A0h-01EFh,0220h-024Fh \
  -ASFR0=00h-01Fh -ASFR1=080h-09Fh -ASFR2=0100h-011Fh -ASFR3=0180h-019Fh \
  -ASFR4=0200h-021Fh -ASFR5=0280h-02EFh -ASFR6=0300h-036Fh \
  -ASFR7=0380h-03EFh -ASFR8=0400h-046Fh -ASFR9=0480h-04EFh \
  -ASFR10=0500h-056Fh -ASFR11=0580h-05EFh -ASFR12=0600h-066Fh \
  -ASFR13=0680h-06EFh -ASFR14=0700h-076Fh -ASFR15=0780h-07EFh \
  -ASFR16=0800h-086Fh -ASFR17=0880h-08EFh -ASFR18=0900h-096Fh \
  -ASFR19=0980h-09EFh -ASFR20=0A00h-0A6Fh -ASFR21=0A80h-0AEFh \
  -ASFR22=0B00h-0B6Fh -ASFR23=0B80h-0BEFh -ASFR24=0C00h-0C6Fh \
  -ASFR25=0C80h-0CEFh -ASFR26=0D00h-0D6Fh -ASFR27=0D80h-0DEFh \
  -ASFR28=0E00h-0E6Fh -ASFR29=0E80h-0EEFh -ASFR30=0F00h-0F6Fh \
  -ASFR31=0F80h-0FEFh -preset_vec=00h,intentry,init,end_init -ppowerup=CODE \
  -pfunctab=CODE -ACONFIG=08007h-08008h -pconfig=CONFIG -DCONFIG=2 \
  -AIDLOC=08000h-08003h -pidloc=IDLOC -DIDLOC=2 -AEEDATA=00h-0FFh/0F000h \
  -peeprom_data=EEDATA -DEEDATA=2 -DCODE=2 -DSTRCODE=2 -DSTRING=2 -DCONST=2 \
  -DENTRY=2 -k C:\Users\noah\AppData\Local\Temp\s12g.obj \
  dist/default/production\code.production.obj 

Object code version is 3.10

Machine type is 16LF1827



                Name                               Link     Load   Length Selector   Space Scale
C:\Users\noah\AppData\Local\Temp\s12g.obj
                end_init                              2        2        2        0       0
                reset_vec                             0        0        2        0       0
                idloc                              8000     8000        4    10000       0
                config                             8007     8007        2    1000E       0
dist/default/production\code.production.obj
                text213                             40C      40C       62      818       0
                text212                             3B9      3B9       53      772       0
                text211                             382      382       37      704       0
                text210                             366      366       1C      6CC       0
                swtext1                               4        4       14        8       0
                text209                             46E      46E       79      8DC       0
                text208                             34D      34D       19      69A       0
                text207                             4E7      4E7       9A      9CE       0
                text206                             323      323        4      646       0
                text205                             33A      33A       13      674       0
                maintext                            581      581      27F      B02       0
                cstackBANK0                          20       20       4E       20       1
                cstackCOMMON                         70       70        E       70       1
                clrtext                             327      327        6      64E       0
                bssBANK1                             A0       A0       2B       A0       1
                bssBANK0                             6E       6E        2       20       1
                cinit                               32D      32D        D      65A       0

TOTAL           Name                               Link     Load   Length     Space
        CLASS   CONST          
                swtext1                               4        4       14         0

        CLASS   CODE           
                end_init                              2        2        2         0
                reset_vec                             0        0        2         0
                text213                             40C      40C       62         0
                text212                             3B9      3B9       53         0
                text211                             382      382       37         0
                text210                             366      366       1C         0
                text209                             46E      46E       79         0
                text208                             34D      34D       19         0
                text207                             4E7      4E7       9A         0
                text206                             323      323        4         0
                text205                             33A      33A       13         0
                maintext                            581      581      27F         0
                clrtext                             327      327        6         0
                cinit                               32D      32D        D         0

        CLASS   STRCODE        

        CLASS   ENTRY          

        CLASS   STRING         

        CLASS   COMMON         
                cstackCOMMON                         70       70        E         1

        CLASS   BANK0          
                cstackBANK0                          20       20       4E         1
                bssBANK0                             6E       6E        2         1

        CLASS   BANK1          
                bssBANK1                             A0       A0       2B         1

        CLASS   BANK2          

        CLASS   BANK3          

        CLASS   BANK4          

        CLASS   BIGRAM         

        CLASS   RAM            

        CLASS   ABS1           
                abs_s1                               7E       7E        2         1

        CLASS   SFR0           

        CLASS   SFR1           

        CLASS   SFR2           

        CLASS   SFR3           

        CLASS   SFR4           

        CLASS   SFR5           

        CLASS   SFR6           

        CLASS   SFR7           

        CLASS   SFR8           

        CLASS   SFR9           

        CLASS   SFR10          

        CLASS   SFR11          

        CLASS   SFR12          

        CLASS   SFR13          

        CLASS   SFR14          

        CLASS   SFR15          

        CLASS   SFR16          

        CLASS   SFR17          

        CLASS   SFR18          

        CLASS   SFR19          

        CLASS   SFR20          

        CLASS   SFR21          

        CLASS   SFR22          

        CLASS   SFR23          

        CLASS   SFR24          

        CLASS   SFR25          

        CLASS   SFR26          

        CLASS   SFR27          

        CLASS   SFR28          

        CLASS   SFR29          

        CLASS   SFR30          

        CLASS   SFR31          

        CLASS   CONFIG         
                config                             8007     8007        2         0

        CLASS   IDLOC          
                idloc                              8000     8000        4         0

        CLASS   EEDATA         

        CLASS   BANK31         

        CLASS   BANK30         

        CLASS   BANK29         

        CLASS   BANK28         

        CLASS   BANK27         

        CLASS   BANK26         

        CLASS   BANK25         

        CLASS   BANK24         

        CLASS   BANK23         

        CLASS   BANK22         

        CLASS   BANK21         

        CLASS   BANK20         

        CLASS   BANK19         

        CLASS   BANK18         

        CLASS   BANK17         

        CLASS   BANK16         

        CLASS   BANK15         

        CLASS   BANK14         

        CLASS   BANK13         

        CLASS   BANK12         

        CLASS   BANK11         

        CLASS   BANK10         

        CLASS   BANK9          

        CLASS   BANK8          

        CLASS   BANK7          

        CLASS   BANK6          

        CLASS   BANK5          



SEGMENTS        Name                           Load    Length   Top    Selector   Space  Class     Delta

                reset_vec                      000000  000004  000004         0       0  CODE        2
                swtext1                        000004  000014  000018         8       0  CONST       2
                cstackBANK0                    000020  000050  000070        20       1  BANK0       1
                cstackCOMMON                   000070  00000E  00007E        70       1  COMMON      1
                bssBANK1                       0000A0  00002B  0000CB        A0       1  BANK1       1
                text206                        000323  000004  000327       646       0  CODE        2
                clrtext                        000327  000006  00032D       64E       0  CODE        2
                cinit                          00032D  00000D  00033A       65A       0  CODE        2
                text205                        00033A  000013  00034D       674       0  CODE        2
                text208                        00034D  000019  000366       69A       0  CODE        2
                text210                        000366  00001C  000382       6CC       0  CODE        2
                text211                        000382  000037  0003B9       704       0  CODE        2
                text212                        0003B9  000053  00040C       772       0  CODE        2
                text213                        00040C  000062  00046E       818       0  CODE        2
                text209                        00046E  000079  0004E7       8DC       0  CODE        2
                text207                        0004E7  00009A  000581       9CE       0  CODE        2
                maintext                       000581  00027F  000800       B02       0  CODE        2
                idloc                          008000  000004  008004     10000       0  IDLOC       2
                config                         008007  000002  008009     1000E       0  CONFIG      2


UNUSED ADDRESS RANGES

        Name                Unused          Largest block    Delta
        BANK1            000CB-000EF              25           1
        BANK2            00120-0016F              50           1
        BANK3            001A0-001EF              50           1
        BANK4            00220-0024F              30           1
        BIGRAM           02000-0216F             170           1
        CODE             00018-00322             30B           2
                         00800-00FFF             800
        CONST            00018-00322             100           2
                         00800-00FFF             100
        EEDATA           0F000-0F0FF             100           2
        ENTRY            00018-00322             100           2
                         00800-00FFF             100
        RAM              000CB-000EF              25           1
                         00120-0016F              50
                         001A0-001EF              50
                         00220-0024F              30
        SFR0             00000-0001F              20           1
        SFR1             00080-0009F              20           1
        SFR10            00500-0056F              70           1
        SFR11            00580-005EF              70           1
        SFR12            00600-0066F              70           1
        SFR13            00680-006EF              70           1
        SFR14            00700-0076F              70           1
        SFR15            00780-007EF              70           1
        SFR16            00800-0086F              70           1
        SFR17            00880-008EF              70           1
        SFR18            00900-0096F              70           1
        SFR19            00980-009EF              70           1
        SFR2             00100-0011F              20           1
        SFR20            00A00-00A6F              70           1
        SFR21            00A80-00AEF              70           1
        SFR22            00B00-00B6F              70           1
        SFR23            00B80-00BEF              70           1
        SFR24            00C00-00C6F              70           1
        SFR25            00C80-00CEF              70           1
        SFR26            00D00-00D6F              70           1
        SFR27            00D80-00DEF              70           1
        SFR28            00E00-00E6F              70           1
        SFR29            00E80-00EEF              70           1
        SFR3             00180-0019F              20           1
        SFR30            00F00-00F6F              70           1
        SFR31            00F80-00FEF              70           1
        SFR4             00200-0021F              20           1
        SFR5             00280-002EF              70           1
        SFR6             00300-0036F              70           1
        SFR7             00380-003EF              70           1
        SFR8             00400-0046F              70           1
        SFR9             00480-004EF              70           1
        STRCODE          00018-00322             30B           2
                         00800-00FFF             800
        STRING           00018-00322             100           2
                         00800-00FFF             100

                                  Symbol Table

?_ADCRead                cstackCOMMON 00070
?___lldiv                cstackCOMMON 00070
?___llmod                cstackBANK0  00020
?___lmul                 cstackCOMMON 00070
_ADCON0bits              (abs)        0009D
_ADCON1bits              (abs)        0009E
_ADCRead                 text208      0034D
_ADRESH                  (abs)        0009C
_ADRESL                  (abs)        0009B
_ANSELA                  (abs)        0018C
_ANSELBbits              (abs)        0018D
_FVRCONbits              (abs)        00117
_LATA                    (abs)        0010C
_LATAbits                (abs)        0010C
_LATB                    (abs)        0010D
_LATBbits                (abs)        0010D
_OSCCONbits              (abs)        00099
_PORTA                   (abs)        0000C
_PORTB                   (abs)        0000D
_TRISA                   (abs)        0008C
_TRISB                   (abs)        0008D
__CFG_FOSC$INTOSC        (abs)        00000
__CFG_LVP$OFF            (abs)        00000
__CFG_MCLRE$OFF          (abs)        00000
__CFG_WDTE$OFF           (abs)        00000
__Habs1                  abs1         00000
__Hbank0                 bank0        00000
__Hbank1                 bank1        00000
__Hbank10                bank10       00000
__Hbank11                bank11       00000
__Hbank12                bank12       00000
__Hbank13                bank13       00000
__Hbank14                bank14       00000
__Hbank15                bank15       00000
__Hbank16                bank16       00000
__Hbank17                bank17       00000
__Hbank18                bank18       00000
__Hbank19                bank19       00000
__Hbank2                 bank2        00000
__Hbank20                bank20       00000
__Hbank21                bank21       00000
__Hbank22                bank22       00000
__Hbank23                bank23       00000
__Hbank24                bank24       00000
__Hbank25                bank25       00000
__Hbank26                bank26       00000
__Hbank27                bank27       00000
__Hbank28                bank28       00000
__Hbank29                bank29       00000
__Hbank3                 bank3        00000
__Hbank30                bank30       00000
__Hbank31                bank31       00000
__Hbank4                 bank4        00000
__Hbank5                 bank5        00000
__Hbank6                 bank6        00000
__Hbank7                 bank7        00000
__Hbank8                 bank8        00000
__Hbank9                 bank9        00000
__Hbigram                bigram       00000
__HbssBANK0              bssBANK0     00000
__HbssBANK1              bssBANK1     00000
__Hcinit                 cinit        00000
__Hclrtext               clrtext      00000
__Hcode                  code         00000
__Hcommon                common       00000
__Hconfig                config       08009
__HcstackBANK0           cstackBANK0  00000
__HcstackCOMMON          cstackCOMMON 00000
__Heeprom_data           eeprom_data  00000
__Hend_init              end_init     00004
__Hfunctab               functab      00000
__Hidloc                 idloc        08004
__Hinit                  init         00002
__Hintentry              intentry     00002
__Hmaintext              maintext     00000
__Hpowerup               powerup      00000
__Hram                   ram          00000
__Hreset_vec             reset_vec    00002
__Hsfr0                  sfr0         00000
__Hsfr1                  sfr1         00000
__Hsfr10                 sfr10        00000
__Hsfr11                 sfr11        00000
__Hsfr12                 sfr12        00000
__Hsfr13                 sfr13        00000
__Hsfr14                 sfr14        00000
__Hsfr15                 sfr15        00000
__Hsfr16                 sfr16        00000
__Hsfr17                 sfr17        00000
__Hsfr18                 sfr18        00000
__Hsfr19                 sfr19        00000
__Hsfr2                  sfr2         00000
__Hsfr20                 sfr20        00000
__Hsfr21                 sfr21        00000
__Hsfr22                 sfr22        00000
__Hsfr23                 sfr23        00000
__Hsfr24                 sfr24        00000
__Hsfr25                 sfr25        00000
__Hsfr26                 sfr26        00000
__Hsfr27                 sfr27        00000
__Hsfr28                 sfr28        00000
__Hsfr29                 sfr29        00000
__Hsfr3                  sfr3         00000
__Hsfr30                 sfr30        00000
__Hsfr31                 sfr31        00000
__Hsfr4                  sfr4         00000
__Hsfr5                  sfr5         00000
__Hsfr6                  sfr6         00000
__Hsfr7                  sfr7         00000
__Hsfr8                  sfr8         00000
__Hsfr9                  sfr9         00000
__Hstrings               strings      00000
__Htext                  text         00000
__Labs1                  abs1         00000
__Lbank0                 bank0        00000
__Lbank1                 bank1        00000
__Lbank10                bank10       00000
__Lbank11                bank11       00000
__Lbank12                bank12       00000
__Lbank13                bank13       00000
__Lbank14                bank14       00000
__Lbank15                bank15       00000
__Lbank16                bank16       00000
__Lbank17                bank17       00000
__Lbank18                bank18       00000
__Lbank19                bank19       00000
__Lbank2                 bank2        00000
__Lbank20                bank20       00000
__Lbank21                bank21       00000
__Lbank22                bank22       00000
__Lbank23                bank23       00000
__Lbank24                bank24       00000
__Lbank25                bank25       00000
__Lbank26                bank26       00000
__Lbank27                bank27       00000
__Lbank28                bank28       00000
__Lbank29                bank29       00000
__Lbank3                 bank3        00000
__Lbank30                bank30       00000
__Lbank31                bank31       00000
__Lbank4                 bank4        00000
__Lbank5                 bank5        00000
__Lbank6                 bank6        00000
__Lbank7                 bank7        00000
__Lbank8                 bank8        00000
__Lbank9                 bank9        00000
__Lbigram                bigram       00000
__LbssBANK0              bssBANK0     00000
__LbssBANK1              bssBANK1     00000
__Lcinit                 cinit        00000
__Lclrtext               clrtext      00000
__Lcode                  code         00000
__Lcommon                common       00000
__Lconfig                config       08007
__LcstackBANK0           cstackBANK0  00000
__LcstackCOMMON          cstackCOMMON 00000
__Leeprom_data           eeprom_data  00000
__Lend_init              end_init     00002
__Lfunctab               functab      00000
__Lidloc                 idloc        08000
__Linit                  init         00002
__Lintentry              intentry     00002
__Lmaintext              maintext     00000
__Lpowerup               powerup      00000
__Lram                   ram          00000
__Lreset_vec             reset_vec    00000
__Lsfr0                  sfr0         00000
__Lsfr1                  sfr1         00000
__Lsfr10                 sfr10        00000
__Lsfr11                 sfr11        00000
__Lsfr12                 sfr12        00000
__Lsfr13                 sfr13        00000
__Lsfr14                 sfr14        00000
__Lsfr15                 sfr15        00000
__Lsfr16                 sfr16        00000
__Lsfr17                 sfr17        00000
__Lsfr18                 sfr18        00000
__Lsfr19                 sfr19        00000
__Lsfr2                  sfr2         00000
__Lsfr20                 sfr20        00000
__Lsfr21                 sfr21        00000
__Lsfr22                 sfr22        00000
__Lsfr23                 sfr23        00000
__Lsfr24                 sfr24        00000
__Lsfr25                 sfr25        00000
__Lsfr26                 sfr26        00000
__Lsfr27                 sfr27        00000
__Lsfr28                 sfr28        00000
__Lsfr29                 sfr29        00000
__Lsfr3                  sfr3         00000
__Lsfr30                 sfr30        00000
__Lsfr31                 sfr31        00000
__Lsfr4                  sfr4         00000
__Lsfr5                  sfr5         00000
__Lsfr6                  sfr6         00000
__Lsfr7                  sfr7         00000
__Lsfr8                  sfr8         00000
__Lsfr9                  sfr9         00000
__Lstrings               strings      00000
__Ltext                  text         00000
__S0                     (abs)        08009
__S1                     (abs)        000CB
__S2                     (abs)        00000
___lldiv                 text213      0040C
___lldiv@counter         cstackCOMMON 0007D
___lldiv@dividend        cstackCOMMON 00074
___lldiv@divisor         cstackCOMMON 00070
___lldiv@quotient        cstackCOMMON 00079
___llmod                 text212      003B9
___llmod@counter         cstackBANK0  00029
___llmod@dividend        cstackBANK0  00024
___llmod@divisor         cstackBANK0  00020
___lmul                  text211      00382
___lmul@multiplicand     cstackCOMMON 00074
___lmul@multiplier       cstackCOMMON 00070
___lmul@product          cstackCOMMON 00078
__end_of_ADCRead         text208      00366
__end_of___lldiv         text213      0046E
__end_of___llmod         text212      0040C
__end_of___lmul          text211      003B9
__end_of__initialization cinit        00337
__end_of_config_adc      text207      00581
__end_of_config_clock    text206      00327
__end_of_config_port     text205      0034D
__end_of_delaysome       text210      00382
__end_of_main            maintext     00800
__end_of_set_sevenseg    text209      004E7
__initialization         cinit        0032D
__pbssBANK0              bssBANK0     0006E
__pbssBANK1              bssBANK1     000A0
__pcstackBANK0           cstackBANK0  00020
__pcstackCOMMON          cstackCOMMON 00070
__pmaintext              maintext     00581
__pswtext1               swtext1      00004
__ptext204               text204      00000
__ptext205               text205      0033A
__ptext206               text206      00323
__ptext207               text207      004E7
__ptext208               text208      0034D
__ptext209               text209      0046E
__ptext210               text210      00366
__ptext211               text211      00382
__ptext212               text212      003B9
__ptext213               text213      0040C
__ptext214               text214      00000
__size_of_ADCRead        (abs)        00000
__size_of___lldiv        (abs)        00000
__size_of___llmod        (abs)        00000
__size_of___lmul         (abs)        00000
__size_of_config_adc     (abs)        00000
__size_of_config_clock   (abs)        00000
__size_of_config_port    (abs)        00000
__size_of_delaysome      (abs)        00000
__size_of_main           (abs)        00000
__size_of_set_sevenseg   (abs)        00000
_config_adc              text207      004E7
_config_clock            text206      00323
_config_port             text205      0033A
_delaysome               text210      00366
_main                    maintext     00581
_set_sevenseg            text209      0046E
btemp                    (abs)        0007E
clear_ram                clrtext      00327
config_adc@adcCal        cstackBANK0  00024
config_adc@measureFvr    cstackBANK0  00029
config_adc@microV_Count  cstackBANK0  00025
delaysome@delayawhile    cstackCOMMON 00070
end_of_initialization    cinit        00337
intlevel0                functab      00000
intlevel1                functab      00000
intlevel2                functab      00000
intlevel3                functab      00000
intlevel4                functab      00000
intlevel5                functab      00000
main@F2894               bssBANK1     000A0
main@adc                 cstackBANK0  00043
main@digit1              cstackBANK0  00035
main@digit2              cstackBANK0  00036
main@digit3              cstackBANK0  00037
main@microVolts          cstackBANK0  00038
main@readyToDisplay      cstackBANK0  0003C
main@temperature         cstackBANK0  0003F
main@updateadc           cstackBANK0  0003D
reset_vec                reset_vec    00000
set_sevenseg@digit       cstackCOMMON 00070
start                    init         00002
start_initialization     cinit        0032D
wtemp0                   (abs)        0007E


FUNCTION INFORMATION:

 *************** function _main *****************
 Defined at:
		line 246 in file "main.c"
 Parameters:    Size  Location     Type
  argc            2   11[BANK0 ] int 
  argv            2   13[BANK0 ] PTR PTR unsigned char 
 Auto vars:     Size  Location     Type
  adc            43   35[BANK0 ] struct adc_s
  temperature     4   31[BANK0 ] unsigned long 
  microVolts      4   24[BANK0 ] unsigned long 
  updateadc       2   29[BANK0 ] unsigned int 
  readyToDispl    1   28[BANK0 ] unsigned char 
  digit3          1   23[BANK0 ] unsigned char 
  digit2          1   22[BANK0 ] unsigned char 
  digit1          1   21[BANK0 ] unsigned char 
 Return value:  Size  Location     Type
                  2   11[BANK0 ] int 
 Registers used:
		wreg, fsr0l, fsr0h, fsr1l, fsr1h, status,2, status,0, btemp+1, pclath, cstack
 Tracked objects:
		On entry : 
		On exit  : 
		Unchanged: 
 Data sizes:     COMMON   BANK0   BANK1   BANK2   BANK3   BANK4
      Params:         0       4       0       0       0       0
      Locals:         0      57       0       0       0       0
      Temps:          0       6       0       0       0       0
      Totals:         0      67       0       0       0       0
Total ram usage:       67 bytes
 Hardware stack levels required when called:    2
 This function calls:
		_config_clock
		_config_port
		_config_adc
		_ADCRead
		___lmul
		___lldiv
		___llmod
		_set_sevenseg
		_delaysome
 This function is called by:
		Startup code after reset
 This function uses a non-reentrant model


 *************** function _config_port *****************
 Defined at:
		line 43 in file "main.c"
 Parameters:    Size  Location     Type
		None
 Auto vars:     Size  Location     Type
		None
 Return value:  Size  Location     Type
		None               void
 Registers used:
		wreg, status,2
 Tracked objects:
		On entry : 
		On exit  : 
		Unchanged: 
 Data sizes:     COMMON   BANK0   BANK1   BANK2   BANK3   BANK4
      Params:         0       0       0       0       0       0
      Locals:         0       0       0       0       0       0
      Temps:          0       0       0       0       0       0
      Totals:         0       0       0       0       0       0
Total ram usage:        0 bytes
 Hardware stack levels used:    1
 This function calls:
		Nothing
 This function is called by:
		_main
 This function uses a non-reentrant model


 *************** function _config_clock *****************
 Defined at:
		line 58 in file "main.c"
 Parameters:    Size  Location     Type
		None
 Auto vars:     Size  Location     Type
		None
 Return value:  Size  Location     Type
		None               void
 Registers used:
		wreg, status,2, status,0
 Tracked objects:
		On entry : 
		On exit  : 
		Unchanged: 
 Data sizes:     COMMON   BANK0   BANK1   BANK2   BANK3   BANK4
      Params:         0       0       0       0       0       0
      Locals:         0       0       0       0       0       0
      Temps:          0       0       0       0       0       0
      Totals:         0       0       0       0       0       0
Total ram usage:        0 bytes
 Hardware stack levels used:    1
 This function calls:
		Nothing
 This function is called by:
		_main
 This function uses a non-reentrant model


 *************** function _config_adc *****************
 Defined at:
		line 65 in file "main.c"
 Parameters:    Size  Location     Type
  adcCal          1    wreg     PTR unsigned long 
		 -> main@adc(43), 
 Auto vars:     Size  Location     Type
  adcCal          1    4[BANK0 ] PTR unsigned long 
		 -> main@adc(43), 
  microV_Count    4    5[BANK0 ] unsigned long 
  measureFvr      2    9[BANK0 ] unsigned int 
 Return value:  Size  Location     Type
		None               void
 Registers used:
		wreg, fsr1l, fsr1h, status,2, status,0, btemp+1, pclath, cstack
 Tracked objects:
		On entry : 
		On exit  : 
		Unchanged: 
 Data sizes:     COMMON   BANK0   BANK1   BANK2   BANK3   BANK4
      Params:         0       0       0       0       0       0
      Locals:         0       7       0       0       0       0
      Temps:          0       4       0       0       0       0
      Totals:         0      11       0       0       0       0
Total ram usage:       11 bytes
 Hardware stack levels used:    1
 Hardware stack levels required when called:    1
 This function calls:
		___lldiv
 This function is called by:
		_main
 This function uses a non-reentrant model


 *************** function _ADCRead *****************
 Defined at:
		line 107 in file "main.c"
 Parameters:    Size  Location     Type
		None
 Auto vars:     Size  Location     Type
		None
 Return value:  Size  Location     Type
                  2    0[COMMON] unsigned int 
 Registers used:
		wreg, status,2, status,0, btemp+1
 Tracked objects:
		On entry : 
		On exit  : 
		Unchanged: 
 Data sizes:     COMMON   BANK0   BANK1   BANK2   BANK3   BANK4
      Params:         2       0       0       0       0       0
      Locals:         0       0       0       0       0       0
      Temps:          4       0       0       0       0       0
      Totals:         6       0       0       0       0       0
Total ram usage:        6 bytes
 Hardware stack levels used:    1
 This function calls:
		Nothing
 This function is called by:
		_main
 This function uses a non-reentrant model


 *************** function _set_sevenseg *****************
 Defined at:
		line 115 in file "main.c"
 Parameters:    Size  Location     Type
  digit           1    wreg     unsigned char 
 Auto vars:     Size  Location     Type
  digit           1    0[COMMON] unsigned char 
 Return value:  Size  Location     Type
		None               void
 Registers used:
		wreg, fsr0l, fsr0h, status,2, status,0
 Tracked objects:
		On entry : 
		On exit  : 
		Unchanged: 
 Data sizes:     COMMON   BANK0   BANK1   BANK2   BANK3   BANK4
      Params:         0       0       0       0       0       0
      Locals:         1       0       0       0       0       0
      Temps:          0       0       0       0       0       0
      Totals:         1       0       0       0       0       0
Total ram usage:        1 bytes
 Hardware stack levels used:    1
 This function calls:
		Nothing
 This function is called by:
		_main
 This function uses a non-reentrant model


 *************** function _delaysome *****************
 Defined at:
		line 226 in file "main.c"
 Parameters:    Size  Location     Type
		None
 Auto vars:     Size  Location     Type
  delayawhile     2    0[COMMON] unsigned int 
 Return value:  Size  Location     Type
		None               void
 Registers used:
		wreg, status,2
 Tracked objects:
		On entry : 
		On exit  : 
		Unchanged: 
 Data sizes:     COMMON   BANK0   BANK1   BANK2   BANK3   BANK4
      Params:         0       0       0       0       0       0
      Locals:         2       0       0       0       0       0
      Temps:          0       0       0       0       0       0
      Totals:         2       0       0       0       0       0
Total ram usage:        2 bytes
 Hardware stack levels used:    1
 This function calls:
		Nothing
 This function is called by:
		_main
 This function uses a non-reentrant model


 *************** function ___lmul *****************
 Defined at:
		line 3 in file "C:\Program Files (x86)\Microchip\xc8\v1.10\sources\lmul.c"
 Parameters:    Size  Location     Type
  multiplier      4    0[COMMON] unsigned long 
  multiplicand    4    4[COMMON] unsigned long 
 Auto vars:     Size  Location     Type
  product         4    8[COMMON] unsigned long 
 Return value:  Size  Location     Type
                  4    0[COMMON] unsigned long 
 Registers used:
		wreg, status,2, status,0
 Tracked objects:
		On entry : 
		On exit  : 
		Unchanged: 
 Data sizes:     COMMON   BANK0   BANK1   BANK2   BANK3   BANK4
      Params:         8       0       0       0       0       0
      Locals:         4       0       0       0       0       0
      Temps:          0       0       0       0       0       0
      Totals:        12       0       0       0       0       0
Total ram usage:       12 bytes
 Hardware stack levels used:    1
 This function calls:
		Nothing
 This function is called by:
		_main
 This function uses a non-reentrant model


 *************** function ___llmod *****************
 Defined at:
		line 5 in file "C:\Program Files (x86)\Microchip\xc8\v1.10\sources\llmod.c"
 Parameters:    Size  Location     Type
  divisor         4    0[BANK0 ] unsigned long 
  dividend        4    4[BANK0 ] unsigned long 
 Auto vars:     Size  Location     Type
  counter         1    9[BANK0 ] unsigned char 
 Return value:  Size  Location     Type
                  4    0[BANK0 ] unsigned long 
 Registers used:
		wreg, status,2, status,0
 Tracked objects:
		On entry : 
		On exit  : 
		Unchanged: 
 Data sizes:     COMMON   BANK0   BANK1   BANK2   BANK3   BANK4
      Params:         0       8       0       0       0       0
      Locals:         0       1       0       0       0       0
      Temps:          0       1       0       0       0       0
      Totals:         0      10       0       0       0       0
Total ram usage:       10 bytes
 Hardware stack levels used:    1
 This function calls:
		Nothing
 This function is called by:
		_main
 This function uses a non-reentrant model


 *************** function ___lldiv *****************
 Defined at:
		line 5 in file "C:\Program Files (x86)\Microchip\xc8\v1.10\sources\lldiv.c"
 Parameters:    Size  Location     Type
  divisor         4    0[COMMON] unsigned long 
  dividend        4    4[COMMON] unsigned long 
 Auto vars:     Size  Location     Type
  quotient        4    9[COMMON] unsigned long 
  counter         1   13[COMMON] unsigned char 
 Return value:  Size  Location     Type
                  4    0[COMMON] unsigned long 
 Registers used:
		wreg, status,2, status,0
 Tracked objects:
		On entry : 
		On exit  : 
		Unchanged: 
 Data sizes:     COMMON   BANK0   BANK1   BANK2   BANK3   BANK4
      Params:         8       0       0       0       0       0
      Locals:         5       0       0       0       0       0
      Temps:          1       0       0       0       0       0
      Totals:        14       0       0       0       0       0
Total ram usage:       14 bytes
 Hardware stack levels used:    1
 This function calls:
		Nothing
 This function is called by:
		_config_adc
		_main
 This function uses a non-reentrant model



MODULE INFORMATION

Module		Function		Class		Link	Load	Size
C:\Program Files (x86)\Microchip\xc8\v1.10\sources\llmod.c
		___llmod       		CODE           	03B9	0000	83

C:\Program Files (x86)\Microchip\xc8\v1.10\sources\llmod.c estimated size: 83

C:\Program Files (x86)\Microchip\xc8\v1.10\sources\lldiv.c
		___lldiv       		CODE           	040C	0000	98

C:\Program Files (x86)\Microchip\xc8\v1.10\sources\lldiv.c estimated size: 98

shared
		__initializatio		CODE           	032D	0000	10

shared estimated size: 10

main.c
		_delaysome     		CODE           	0366	0000	28
		_main          		CODE           	0581	0000	639
		_set_sevenseg  		CODE           	046E	0000	121
		_ADCRead       		CODE           	034D	0000	25
		_config_adc    		CODE           	04E7	0000	154
		_config_port   		CODE           	033A	0000	19
		_config_clock  		CODE           	0323	0000	4

main.c estimated size: 990

C:\Program Files (x86)\Microchip\xc8\v1.10\sources\lmul.c
		___lmul        		CODE           	0382	0000	55

C:\Program Files (x86)\Microchip\xc8\v1.10\sources\lmul.c estimated size: 55

